0 verbose cli C:\Program Files\nodejs\node.exe C:\Users\Lenovo\AppData\Roaming\npm\node_modules\npm\bin\npm-cli.js
0 verbose cli C:\Program Files\nodejs\node.exe C:\Users\Lenovo\AppData\Roaming\npm\node_modules\npm\bin\npm-cli.js
1 info using npm@10.9.8
2 info using node@v26.7.0
1 info using npm@10.9.8
3 silly config load:file:C:\Users\Lenovo\AppData\Roaming\npm\node_modules\npm\npmrc
4 silly config load:file:d:\E-commerce\backend\.npmrc
2 info using node@v26.7.0
5 silly config load:file:C:\Users\Lenovo\.npmrc
6 silly config load:file:C:\Users\Lenovo\AppData\Roaming\npm\etc\npmrc
3 silly config load:file:C:\Users\Lenovo\AppData\Roaming\npm\node_modules\npm\npmrc
7 verbose title npm view multer description dist-tags.latest homepage version time
4 silly config load:file:d:\E-commerce\backend\.npmrc
8 verbose argv "view" "--json" "--" "multer" "description" "dist-tags.latest" "homepage" "version" "time"
5 silly config load:file:C:\Users\Lenovo\.npmrc
6 silly config load:file:C:\Users\Lenovo\AppData\Roaming\npm\etc\npmrc
9 verbose logfile logs-max:10 dir:D:\E-commerce\backend\.npm-cache\_logs\2026-09-23T12_46_10_281Z-
7 verbose title npm ls multer
8 verbose argv "ls" "--json" "--depth" "0" "--" "multer"
10 verbose logfile D:\E-commerce\backend\.npm-cache\_logs\2026-09-23T12_46_10_281Z-debug-0.log
9 verbose logfile logs-max:10 dir:D:\E-commerce\backend\.npm-cache\_logs\2026-09-23T12_46_10_281Z-
10 verbose logfile D:\E-commerce\backend\.npm-cache\_logs\2026-09-23T12_46_10_281Z-debug-0.log
11 silly logfile start cleaning logs, removing 1 files
11 silly logfile start cleaning logs, removing 1 files
12 silly logfile done cleaning log files
12 silly packumentCache heap:2248146944 maxSize:562036736 maxEntrySize:281018368
13 silly logfile done cleaning log files
14 verbose cwd d:\E-commerce\backend
15 verbose os Windows_NT 10.0.22631
16 verbose node v26.7.0
17 verbose npm  v10.9.8
18 verbose exit 0
19 info ok
13 http fetch GET 200 https://registry.npmjs.org/multer 402ms (cache revalidated)
14 verbose cwd d:\E-commerce\backend
15 verbose os Windows_NT 10.0.22631
16 verbose node v26.7.0
17 verbose npm  v10.9.8
18 verbose exit 0
19 info ok
