0 verbose cli C:\Program Files\nodejs\node.exe C:\Users\Lenovo\AppData\Roaming\npm\node_modules\npm\bin\npm-cli.js
1 info using npm@10.9.8
2 info using node@v26.7.0
3 silly config load:file:C:\Users\Lenovo\AppData\Roaming\npm\node_modules\npm\npmrc
4 silly config load:file:D:\E-commerce\backend\.npmrc
5 silly config load:file:C:\Users\Lenovo\.npmrc
6 silly config load:file:C:\Users\Lenovo\AppData\Roaming\npm\etc\npmrc
7 verbose title npm install
8 verbose argv "install"
9 verbose logfile logs-max:10 dir:D:\E-commerce\backend\.npm-cache\_logs\2026-09-23T11_16_22_157Z-
10 verbose logfile D:\E-commerce\backend\.npm-cache\_logs\2026-09-23T11_16_22_157Z-debug-0.log
11 silly logfile start cleaning logs, removing 1 files
12 silly packumentCache heap:2248146944 maxSize:562036736 maxEntrySize:281018368
13 silly logfile done cleaning log files
14 silly idealTree buildDeps
15 silly reify moves {}
16 silly audit bulk request {
16 silly audit   '@mongodb-js/saslprep': [ '1.5.0' ],
16 silly audit   '@types/webidl-conversions': [ '7.0.3' ],
16 silly audit   '@types/whatwg-url': [ '11.0.5' ],
16 silly audit   accepts: [ '1.3.8' ],
16 silly audit   anymatch: [ '3.1.3' ],
16 silly audit   'append-field': [ '1.0.0' ],
16 silly audit   'array-flatten': [ '1.1.1' ],
16 silly audit   'balanced-match': [ '4.0.4' ],
16 silly audit   'basic-auth': [ '2.0.1' ],
16 silly audit   'safe-buffer': [ '5.1.2', '5.2.1' ],
16 silly audit   bcryptjs: [ '2.4.3' ],
16 silly audit   'binary-extensions': [ '2.3.0' ],
16 silly audit   'body-parser': [ '1.20.6' ],
16 silly audit   'brace-expansion': [ '5.0.9' ],
16 silly audit   braces: [ '3.0.3' ],
16 silly audit   bson: [ '6.10.4' ],
16 silly audit   'buffer-equal-constant-time': [ '1.0.1' ],
16 silly audit   busboy: [ '1.6.0' ],
16 silly audit   bytes: [ '3.1.2' ],
16 silly audit   'call-bind-apply-helpers': [ '1.0.2' ],
16 silly audit   'call-bound': [ '1.0.4' ],
16 silly audit   chokidar: [ '3.6.0' ],
16 silly audit   cloudinary: [ '2.11.0' ],
16 silly audit   'content-disposition': [ '0.5.4' ],
16 silly audit   'content-type': [ '1.0.5' ],
16 silly audit   cookie: [ '0.7.2' ],
16 silly audit   'cookie-parser': [ '1.4.7' ],
16 silly audit   'cookie-signature': [ '1.0.6' ],
16 silly audit   cors: [ '2.8.6' ],
16 silly audit   debug: [ '2.6.9', '4.4.3' ],
16 silly audit   depd: [ '2.0.0' ],
16 silly audit   destroy: [ '1.2.0' ],
16 silly audit   dotenv: [ '16.6.1' ],
16 silly audit   'dunder-proto': [ '1.0.1' ],
16 silly audit   'ecdsa-sig-formatter': [ '1.0.11' ],
16 silly audit   'ee-first': [ '1.1.1' ],
16 silly audit   encodeurl: [ '2.0.0' ],
16 silly audit   'es-define-property': [ '1.0.1' ],
16 silly audit   'es-errors': [ '1.3.0' ],
16 silly audit   'es-object-atoms': [ '1.1.2' ],
16 silly audit   'escape-html': [ '1.0.3' ],
16 silly audit   etag: [ '1.8.1' ],
16 silly audit   express: [ '4.22.2' ],
16 silly audit   'express-async-handler': [ '1.2.0' ],
16 silly audit   'fill-range': [ '7.1.1' ],
16 silly audit   finalhandler: [ '1.3.2' ],
16 silly audit   forwarded: [ '0.2.0' ],
16 silly audit   fresh: [ '0.5.2' ],
16 silly audit   fsevents: [ '2.3.3' ],
16 silly audit   'function-bind': [ '1.1.2' ],
16 silly audit   'get-intrinsic': [ '1.3.0' ],
16 silly audit   'get-proto': [ '1.0.1' ],
16 silly audit   'glob-parent': [ '5.1.2' ],
16 silly audit   gopd: [ '1.2.0' ],
16 silly audit   'has-flag': [ '3.0.0' ],
16 silly audit   'has-symbols': [ '1.1.0' ],
16 silly audit   hasown: [ '2.0.4' ],
16 silly audit   'http-errors': [ '2.0.1' ],
16 silly audit   'iconv-lite': [ '0.4.24' ],
16 silly audit   'ignore-by-default': [ '1.0.1' ],
16 silly audit   inherits: [ '2.0.4' ],
16 silly audit   'ipaddr.js': [ '1.9.1' ],
16 silly audit   'is-binary-path': [ '2.1.0' ],
16 silly audit   'is-extglob': [ '2.1.1' ],
16 silly audit   'is-glob': [ '4.0.3' ],
16 silly audit   'is-number': [ '7.0.0' ],
16 silly audit   jsonwebtoken: [ '9.0.3' ],
16 silly audit   ms: [ '2.1.3', '2.0.0' ],
16 silly audit   jwa: [ '2.0.1' ],
16 silly audit   jws: [ '4.0.1' ],
16 silly audit   kareem: [ '2.6.3' ],
16 silly audit   lodash: [ '4.18.1' ],
16 silly audit   'lodash.includes': [ '4.3.0' ],
16 silly audit   'lodash.isboolean': [ '3.0.3' ],
16 silly audit   'lodash.isinteger': [ '4.0.4' ],
16 silly audit   'lodash.isnumber': [ '3.0.3' ],
16 silly audit   'lodash.isplainobject': [ '4.0.6' ],
16 silly audit   'lodash.isstring': [ '4.0.1' ],
16 silly audit   'lodash.once': [ '4.1.1' ],
16 silly audit   'math-intrinsics': [ '1.1.0' ],
16 silly audit   'media-typer': [ '0.3.0' ],
16 silly audit   'memory-pager': [ '1.5.0' ],
16 silly audit   'merge-descriptors': [ '1.0.3' ],
16 silly audit   methods: [ '1.1.2' ],
16 silly audit   mime: [ '1.6.0' ],
16 silly audit   'mime-db': [ '1.52.0' ],
16 silly audit   'mime-types': [ '2.1.35' ],
16 silly audit   minimatch: [ '10.2.6' ],
16 silly audit   mongodb: [ '6.20.0' ],
16 silly audit   'mongodb-connection-string-url': [ '3.0.2' ],
16 silly audit   mongoose: [ '8.24.4' ],
16 silly audit   morgan: [ '1.12.0' ],
16 silly audit   mpath: [ '0.9.0' ],
16 silly audit   mquery: [ '5.0.0' ],
16 silly audit   multer: [ '2.4.0' ],
16 silly audit   negotiator: [ '0.6.3' ],
16 silly audit   nodemon: [ '3.1.14' ],
16 silly audit   'normalize-path': [ '3.0.0' ],
16 silly audit   'object-assign': [ '4.1.1' ],
16 silly audit   'object-inspect': [ '1.13.4' ],
16 silly audit   'on-finished': [ '2.4.1' ],
16 silly audit   'on-headers': [ '1.1.0' ],
16 silly audit   parseurl: [ '1.3.3' ],
16 silly audit   'path-to-regexp': [ '0.1.13' ],
16 silly audit   picomatch: [ '2.3.2' ],
16 silly audit   'proxy-addr': [ '2.0.7' ],
16 silly audit   'pstree.remy': [ '1.1.8' ],
16 silly audit   punycode: [ '2.3.1' ],
16 silly audit   qs: [ '6.15.3' ],
16 silly audit   'range-parser': [ '1.2.1' ],
16 silly audit   'raw-body': [ '2.5.3' ],
16 silly audit   readdirp: [ '3.6.0' ],
16 silly audit   'safer-buffer': [ '2.1.2' ],
16 silly audit   semver: [ '7.8.5' ],
16 silly audit   send: [ '0.19.2' ],
16 silly audit   'serve-static': [ '1.16.3' ],
16 silly audit   setprototypeof: [ '1.2.0' ],
16 silly audit   'side-channel': [ '1.1.1' ],
16 silly audit   'side-channel-list': [ '1.0.1' ],
16 silly audit   'side-channel-map': [ '1.0.1' ],
16 silly audit   'side-channel-weakmap': [ '1.0.2' ],
16 silly audit   sift: [ '17.1.3' ],
16 silly audit   'simple-update-notifier': [ '2.0.0' ],
16 silly audit   'sparse-bitfield': [ '3.0.3' ],
16 silly audit   statuses: [ '2.0.2' ],
16 silly audit   streamifier: [ '0.1.1' ],
16 silly audit   streamsearch: [ '1.1.0' ],
16 silly audit   'supports-color': [ '5.5.0' ],
16 silly audit   'to-regex-range': [ '5.0.1' ],
16 silly audit   toidentifier: [ '1.0.1' ],
16 silly audit   touch: [ '3.1.1' ],
16 silly audit   tr46: [ '5.1.1' ],
16 silly audit   'type-is': [ '1.6.18' ],
16 silly audit   undefsafe: [ '2.0.5' ],
16 silly audit   unpipe: [ '1.0.0' ],
16 silly audit   'utils-merge': [ '1.0.1' ],
16 silly audit   vary: [ '1.1.2' ],
16 silly audit   'webidl-conversions': [ '7.0.0' ],
16 silly audit   'whatwg-url': [ '14.2.0' ]
16 silly audit }
17 verbose reify failed optional dependency D:\E-commerce\backend\node_modules\fsevents
18 silly reify mark deleted [ 'D:\\E-commerce\\backend\\node_modules\\fsevents' ]
19 http fetch POST 200 https://registry.npmjs.org/-/npm/v1/security/advisories/bulk 1349ms
20 silly audit report {
20 silly audit report   qs: [
20 silly audit report     {
20 silly audit report       id: 1158506,
20 silly audit report       url: 'https://github.com/advisories/GHSA-x5fp-wj9c-mxmx',
20 silly audit report       title: 'qs array-limit bypass via bracket-key comma parsing',
20 silly audit report       severity: 'moderate',
20 silly audit report       vulnerable_versions: '>=6.14.2 <=6.15.3',
20 silly audit report       cwe: [Array],
20 silly audit report       cvss: [Object]
20 silly audit report     },
20 silly audit report     {
20 silly audit report       id: 1158507,
20 silly audit report       url: 'https://github.com/advisories/GHSA-4mjr-xmp4-gh2g',
20 silly audit report       title: 'qs: Denial of Service via Attacker Controlled isBuffer',
20 silly audit report       severity: 'moderate',
20 silly audit report       vulnerable_versions: '>=2.2.5 <6.16.0',
20 silly audit report       cwe: [Array],
20 silly audit report       cvss: [Object]
20 silly audit report     }
20 silly audit report   ]
20 silly audit report }
21 silly packumentCache corgi:https://registry.npmjs.org/qs cache-miss
22 http fetch GET 200 https://registry.npmjs.org/qs 248ms (cache revalidated)
23 silly packumentCache corgi:https://registry.npmjs.org/qs set size:149425 disposed:false
24 silly packumentCache corgi:https://registry.npmjs.org/body-parser cache-miss
25 silly packumentCache corgi:https://registry.npmjs.org/express cache-miss
26 http fetch GET 200 https://registry.npmjs.org/body-parser 229ms (cache revalidated)
27 silly packumentCache corgi:https://registry.npmjs.org/body-parser set size:82509 disposed:false
28 http fetch GET 200 https://registry.npmjs.org/express 722ms (cache revalidated)
29 silly packumentCache corgi:https://registry.npmjs.org/express set size:341170 disposed:false
30 silly ADD
31 verbose cwd D:\E-commerce\backend
32 verbose os Windows_NT 10.0.22631
33 verbose node v26.7.0
34 verbose npm  v10.9.8
35 verbose exit 0
36 info ok
