0 verbose cli C:\Program Files\nodejs\node.exe C:\Users\Lenovo\AppData\Roaming\npm\node_modules\npm\bin\npm-cli.js
1 info using npm@10.9.8
2 info using node@v26.7.0
3 silly config load:file:C:\Users\Lenovo\AppData\Roaming\npm\node_modules\npm\npmrc
4 silly config load:file:D:\E-commerce\backend\.npmrc
5 silly config load:file:C:\Users\Lenovo\.npmrc
6 silly config load:file:C:\Users\Lenovo\AppData\Roaming\npm\etc\npmrc
7 verbose title npm install form-data
8 verbose argv "install" "form-data"
9 verbose logfile logs-max:10 dir:D:\E-commerce\backend\.npm-cache\_logs\2026-09-23T12_55_42_794Z-
10 verbose logfile D:\E-commerce\backend\.npm-cache\_logs\2026-09-23T12_55_42_794Z-debug-0.log
11 silly logfile start cleaning logs, removing 1 files
12 silly packumentCache heap:2248146944 maxSize:562036736 maxEntrySize:281018368
13 silly logfile done cleaning log files
14 silly idealTree buildDeps
15 silly fetch manifest form-data@*
16 silly packumentCache full:https://registry.npmjs.org/form-data cache-miss
17 http fetch GET 200 https://registry.npmjs.org/form-data 548ms (cache miss)
18 silly packumentCache full:https://registry.npmjs.org/form-data set size:undefined disposed:false
19 silly placeDep ROOT form-data@4.0.6 OK for: vintage-vault-backend@1.0.0 want: *
20 silly fetch manifest asynckit@^0.4.0
21 silly packumentCache full:https://registry.npmjs.org/asynckit cache-miss
22 silly fetch manifest combined-stream@^1.0.8
23 silly packumentCache full:https://registry.npmjs.org/combined-stream cache-miss
24 silly fetch manifest es-set-tostringtag@^2.1.0
25 silly packumentCache full:https://registry.npmjs.org/es-set-tostringtag cache-miss
26 http fetch GET 200 https://registry.npmjs.org/asynckit 151ms (cache miss)
27 silly packumentCache full:https://registry.npmjs.org/asynckit set size:undefined disposed:false
28 http fetch GET 200 https://registry.npmjs.org/combined-stream 375ms (cache miss)
29 silly packumentCache full:https://registry.npmjs.org/combined-stream set size:undefined disposed:false
30 http fetch GET 200 https://registry.npmjs.org/es-set-tostringtag 377ms (cache miss)
31 silly packumentCache full:https://registry.npmjs.org/es-set-tostringtag set size:undefined disposed:false
32 silly placeDep ROOT asynckit@0.4.0 OK for: form-data@4.0.6 want: ^0.4.0
33 silly placeDep ROOT combined-stream@1.0.8 OK for: form-data@4.0.6 want: ^1.0.8
34 silly placeDep ROOT es-set-tostringtag@2.1.0 OK for: form-data@4.0.6 want: ^2.1.0
35 silly fetch manifest delayed-stream@~1.0.0
36 silly packumentCache full:https://registry.npmjs.org/delayed-stream cache-miss
37 silly fetch manifest has-tostringtag@^1.0.2
38 silly packumentCache full:https://registry.npmjs.org/has-tostringtag cache-miss
39 http fetch GET 200 https://registry.npmjs.org/has-tostringtag 106ms (cache miss)
40 silly packumentCache full:https://registry.npmjs.org/has-tostringtag set size:undefined disposed:false
41 http fetch GET 200 https://registry.npmjs.org/delayed-stream 109ms (cache miss)
42 silly packumentCache full:https://registry.npmjs.org/delayed-stream set size:undefined disposed:false
43 silly placeDep ROOT delayed-stream@1.0.0 OK for: combined-stream@1.0.8 want: ~1.0.0
44 silly placeDep ROOT has-tostringtag@1.0.2 OK for: es-set-tostringtag@2.1.0 want: ^1.0.2
45 silly reify moves {}
46 silly audit bulk request {
46 silly audit   '@mongodb-js/saslprep': [ '1.5.0' ],
46 silly audit   '@types/webidl-conversions': [ '7.0.3' ],
46 silly audit   '@types/whatwg-url': [ '11.0.5' ],
46 silly audit   accepts: [ '1.3.8' ],
46 silly audit   anymatch: [ '3.1.3' ],
46 silly audit   'append-field': [ '1.0.0' ],
46 silly audit   'array-flatten': [ '1.1.1' ],
46 silly audit   'balanced-match': [ '4.0.4' ],
46 silly audit   'basic-auth': [ '2.0.1' ],
46 silly audit   'safe-buffer': [ '5.1.2', '5.2.1' ],
46 silly audit   bcryptjs: [ '2.4.3' ],
46 silly audit   'binary-extensions': [ '2.3.0' ],
46 silly audit   'body-parser': [ '1.20.6' ],
46 silly audit   'brace-expansion': [ '5.0.9' ],
46 silly audit   braces: [ '3.0.3' ],
46 silly audit   bson: [ '6.10.4' ],
46 silly audit   'buffer-equal-constant-time': [ '1.0.1' ],
46 silly audit   busboy: [ '1.6.0' ],
46 silly audit   bytes: [ '3.1.2' ],
46 silly audit   'call-bind-apply-helpers': [ '1.0.2' ],
46 silly audit   'call-bound': [ '1.0.4' ],
46 silly audit   chokidar: [ '3.6.0' ],
46 silly audit   cloudinary: [ '2.11.0' ],
46 silly audit   'content-disposition': [ '0.5.4' ],
46 silly audit   'content-type': [ '1.0.5' ],
46 silly audit   cookie: [ '0.7.2' ],
46 silly audit   'cookie-parser': [ '1.4.7' ],
46 silly audit   'cookie-signature': [ '1.0.6' ],
46 silly audit   cors: [ '2.8.6' ],
46 silly audit   debug: [ '2.6.9', '4.4.3' ],
46 silly audit   depd: [ '2.0.0' ],
46 silly audit   destroy: [ '1.2.0' ],
46 silly audit   dotenv: [ '16.6.1' ],
46 silly audit   'dunder-proto': [ '1.0.1' ],
46 silly audit   'ecdsa-sig-formatter': [ '1.0.11' ],
46 silly audit   'ee-first': [ '1.1.1' ],
46 silly audit   encodeurl: [ '2.0.0' ],
46 silly audit   'es-define-property': [ '1.0.1' ],
46 silly audit   'es-errors': [ '1.3.0' ],
46 silly audit   'es-object-atoms': [ '1.1.2' ],
46 silly audit   'escape-html': [ '1.0.3' ],
46 silly audit   etag: [ '1.8.1' ],
46 silly audit   express: [ '4.22.2' ],
46 silly audit   'express-async-handler': [ '1.2.0' ],
46 silly audit   'fill-range': [ '7.1.1' ],
46 silly audit   finalhandler: [ '1.3.2' ],
46 silly audit   forwarded: [ '0.2.0' ],
46 silly audit   fresh: [ '0.5.2' ],
46 silly audit   fsevents: [ '2.3.3' ],
46 silly audit   'function-bind': [ '1.1.2' ],
46 silly audit   'get-intrinsic': [ '1.3.0' ],
46 silly audit   'get-proto': [ '1.0.1' ],
46 silly audit   'glob-parent': [ '5.1.2' ],
46 silly audit   gopd: [ '1.2.0' ],
46 silly audit   'has-flag': [ '3.0.0' ],
46 silly audit   'has-symbols': [ '1.1.0' ],
46 silly audit   hasown: [ '2.0.4' ],
46 silly audit   'http-errors': [ '2.0.1' ],
46 silly audit   'iconv-lite': [ '0.4.24' ],
46 silly audit   'ignore-by-default': [ '1.0.1' ],
46 silly audit   inherits: [ '2.0.4' ],
46 silly audit   'ipaddr.js': [ '1.9.1' ],
46 silly audit   'is-binary-path': [ '2.1.0' ],
46 silly audit   'is-extglob': [ '2.1.1' ],
46 silly audit   'is-glob': [ '4.0.3' ],
46 silly audit   'is-number': [ '7.0.0' ],
46 silly audit   jsonwebtoken: [ '9.0.3' ],
46 silly audit   ms: [ '2.1.3', '2.0.0' ],
46 silly audit   jwa: [ '2.0.1' ],
46 silly audit   jws: [ '4.0.1' ],
46 silly audit   kareem: [ '2.6.3' ],
46 silly audit   lodash: [ '4.18.1' ],
46 silly audit   'lodash.includes': [ '4.3.0' ],
46 silly audit   'lodash.isboolean': [ '3.0.3' ],
46 silly audit   'lodash.isinteger': [ '4.0.4' ],
46 silly audit   'lodash.isnumber': [ '3.0.3' ],
46 silly audit   'lodash.isplainobject': [ '4.0.6' ],
46 silly audit   'lodash.isstring': [ '4.0.1' ],
46 silly audit   'lodash.once': [ '4.1.1' ],
46 silly audit   'math-intrinsics': [ '1.1.0' ],
46 silly audit   'media-typer': [ '0.3.0' ],
46 silly audit   'memory-pager': [ '1.5.0' ],
46 silly audit   'merge-descriptors': [ '1.0.3' ],
46 silly audit   methods: [ '1.1.2' ],
46 silly audit   mime: [ '1.6.0' ],
46 silly audit   'mime-db': [ '1.52.0' ],
46 silly audit   'mime-types': [ '2.1.35' ],
46 silly audit   minimatch: [ '10.2.6' ],
46 silly audit   mongodb: [ '6.20.0' ],
46 silly audit   'mongodb-connection-string-url': [ '3.0.2' ],
46 silly audit   mongoose: [ '8.24.4' ],
46 silly audit   morgan: [ '1.12.0' ],
46 silly audit   mpath: [ '0.9.0' ],
46 silly audit   mquery: [ '5.0.0' ],
46 silly audit   multer: [ '2.4.0' ],
46 silly audit   negotiator: [ '0.6.3' ],
46 silly audit   nodemon: [ '3.1.14' ],
46 silly audit   'normalize-path': [ '3.0.0' ],
46 silly audit   'object-assign': [ '4.1.1' ],
46 silly audit   'object-inspect': [ '1.13.4' ],
46 silly audit   'on-finished': [ '2.4.1' ],
46 silly audit   'on-headers': [ '1.1.0' ],
46 silly audit   parseurl: [ '1.3.3' ],
46 silly audit   'path-to-regexp': [ '0.1.13' ],
46 silly audit   picomatch: [ '2.3.2' ],
46 silly audit   'proxy-addr': [ '2.0.7' ],
46 silly audit   'pstree.remy': [ '1.1.8' ],
46 silly audit   punycode: [ '2.3.1' ],
46 silly audit   qs: [ '6.15.3' ],
46 silly audit   'range-parser': [ '1.2.1' ],
46 silly audit   'raw-body': [ '2.5.3' ],
46 silly audit   readdirp: [ '3.6.0' ],
46 silly audit   'safer-buffer': [ '2.1.2' ],
46 silly audit   semver: [ '7.8.5' ],
46 silly audit   send: [ '0.19.2' ],
46 silly audit   'serve-static': [ '1.16.3' ],
46 silly audit   setprototypeof: [ '1.2.0' ],
46 silly audit   'side-channel': [ '1.1.1' ],
46 silly audit   'side-channel-list': [ '1.0.1' ],
46 silly audit   'side-channel-map': [ '1.0.1' ],
46 silly audit   'side-channel-weakmap': [ '1.0.2' ],
46 silly audit   sift: [ '17.1.3' ],
46 silly audit   'simple-update-notifier': [ '2.0.0' ],
46 silly audit   'sparse-bitfield': [ '3.0.3' ],
46 silly audit   statuses: [ '2.0.2' ],
46 silly audit   streamifier: [ '0.1.1' ],
46 silly audit   streamsearch: [ '1.1.0' ],
46 silly audit   'supports-color': [ '5.5.0' ],
46 silly audit   'to-regex-range': [ '5.0.1' ],
46 silly audit   toidentifier: [ '1.0.1' ],
46 silly audit   touch: [ '3.1.1' ],
46 silly audit   tr46: [ '5.1.1' ],
46 silly audit   'type-is': [ '1.6.18' ],
46 silly audit   undefsafe: [ '2.0.5' ],
46 silly audit   unpipe: [ '1.0.0' ],
46 silly audit   'utils-merge': [ '1.0.1' ],
46 silly audit   vary: [ '1.1.2' ],
46 silly audit   'webidl-conversions': [ '7.0.0' ],
46 silly audit   'whatwg-url': [ '14.2.0' ],
46 silly audit   'form-data': [ '4.0.6' ],
46 silly audit   asynckit: [ '0.4.0' ],
46 silly audit   'combined-stream': [ '1.0.8' ],
46 silly audit   'es-set-tostringtag': [ '2.1.0' ],
46 silly audit   'delayed-stream': [ '1.0.0' ],
46 silly audit   'has-tostringtag': [ '1.0.2' ]
46 silly audit }
47 verbose reify failed optional dependency D:\E-commerce\backend\node_modules\fsevents
48 silly reify mark deleted [ 'D:\\E-commerce\\backend\\node_modules\\fsevents' ]
49 http cache has-tostringtag@https://registry.npmjs.org/has-tostringtag/-/has-tostringtag-1.0.2.tgz 1ms (cache hit)
50 http cache es-set-tostringtag@https://registry.npmjs.org/es-set-tostringtag/-/es-set-tostringtag-2.1.0.tgz 0ms (cache hit)
51 http cache delayed-stream@https://registry.npmjs.org/delayed-stream/-/delayed-stream-1.0.0.tgz 0ms (cache hit)
52 http cache combined-stream@https://registry.npmjs.org/combined-stream/-/combined-stream-1.0.8.tgz 0ms (cache hit)
53 http cache asynckit@https://registry.npmjs.org/asynckit/-/asynckit-0.4.0.tgz 0ms (cache hit)
54 http cache form-data@https://registry.npmjs.org/form-data/-/form-data-4.0.6.tgz 0ms (cache hit)
55 silly tarball no local data for has-tostringtag@https://registry.npmjs.org/has-tostringtag/-/has-tostringtag-1.0.2.tgz. Extracting by manifest.
56 silly tarball no local data for es-set-tostringtag@https://registry.npmjs.org/es-set-tostringtag/-/es-set-tostringtag-2.1.0.tgz. Extracting by manifest.
57 silly tarball no local data for delayed-stream@https://registry.npmjs.org/delayed-stream/-/delayed-stream-1.0.0.tgz. Extracting by manifest.
58 silly tarball no local data for combined-stream@https://registry.npmjs.org/combined-stream/-/combined-stream-1.0.8.tgz. Extracting by manifest.
59 silly tarball no local data for asynckit@https://registry.npmjs.org/asynckit/-/asynckit-0.4.0.tgz. Extracting by manifest.
60 silly tarball no local data for form-data@https://registry.npmjs.org/form-data/-/form-data-4.0.6.tgz. Extracting by manifest.
61 http fetch GET 200 https://registry.npmjs.org/es-set-tostringtag/-/es-set-tostringtag-2.1.0.tgz 150ms (cache miss)
62 http fetch GET 200 https://registry.npmjs.org/has-tostringtag/-/has-tostringtag-1.0.2.tgz 154ms (cache miss)
63 http fetch POST 200 https://registry.npmjs.org/-/npm/v1/security/advisories/bulk 333ms
64 silly audit report {
64 silly audit report   qs: [
64 silly audit report     {
64 silly audit report       id: 1158506,
64 silly audit report       url: 'https://github.com/advisories/GHSA-x5fp-wj9c-mxmx',
64 silly audit report       title: 'qs array-limit bypass via bracket-key comma parsing',
64 silly audit report       severity: 'moderate',
64 silly audit report       vulnerable_versions: '>=6.14.2 <=6.15.3',
64 silly audit report       cwe: [Array],
64 silly audit report       cvss: [Object]
64 silly audit report     },
64 silly audit report     {
64 silly audit report       id: 1158507,
64 silly audit report       url: 'https://github.com/advisories/GHSA-4mjr-xmp4-gh2g',
64 silly audit report       title: 'qs: Denial of Service via Attacker Controlled isBuffer',
64 silly audit report       severity: 'moderate',
64 silly audit report       vulnerable_versions: '>=2.2.5 <6.16.0',
64 silly audit report       cwe: [Array],
64 silly audit report       cvss: [Object]
64 silly audit report     }
64 silly audit report   ]
64 silly audit report }
65 silly packumentCache corgi:https://registry.npmjs.org/qs cache-miss
66 http fetch GET 200 https://registry.npmjs.org/combined-stream/-/combined-stream-1.0.8.tgz 343ms (cache miss)
67 http fetch GET 200 https://registry.npmjs.org/delayed-stream/-/delayed-stream-1.0.0.tgz 349ms (cache miss)
68 http fetch GET 200 https://registry.npmjs.org/form-data/-/form-data-4.0.6.tgz 374ms (cache miss)
69 http fetch GET 200 https://registry.npmjs.org/asynckit/-/asynckit-0.4.0.tgz 390ms (cache miss)
70 http fetch GET 200 https://registry.npmjs.org/qs 165ms (cache revalidated)
71 silly packumentCache corgi:https://registry.npmjs.org/qs set size:149425 disposed:false
72 silly packumentCache corgi:https://registry.npmjs.org/body-parser cache-miss
73 silly packumentCache corgi:https://registry.npmjs.org/express cache-miss
74 http fetch GET 200 https://registry.npmjs.org/express 100ms (cache revalidated)
75 silly packumentCache corgi:https://registry.npmjs.org/express set size:341170 disposed:false
76 http fetch GET 200 https://registry.npmjs.org/body-parser 126ms (cache revalidated)
77 silly packumentCache corgi:https://registry.npmjs.org/body-parser set size:82509 disposed:false
78 silly ADD node_modules/has-tostringtag
79 silly ADD node_modules/delayed-stream
80 silly ADD node_modules/es-set-tostringtag
81 silly ADD node_modules/combined-stream
82 silly ADD node_modules/asynckit
83 silly ADD node_modules/form-data
84 silly ADD
85 verbose cwd D:\E-commerce\backend
86 verbose os Windows_NT 10.0.22631
87 verbose node v26.7.0
88 verbose npm  v10.9.8
89 verbose exit 0
90 info ok
